[    5241ms] [INFO] %cDownload the React DevTools for a better development experience: https://reactjs.org/link/react-devtools font-weight:bold @ http://localhost:5175/node_modules/.vite/deps/chunk-PJEEZAML.js?v=4b352b3d:21550
[    5456ms] [WARNING] ⚠️ React Router Future Flag Warning: React Router will begin wrapping state updates in `React.startTransition` in v7. You can use the `v7_startTransition` future flag to opt-in early. For more information, see https://reactrouter.com/v6/upgrading/future#v7_starttransition. @ http://localhost:5175/node_modules/.vite/deps/react-router-dom.js?v=6e378665:4416
[    5456ms] [WARNING] ⚠️ React Router Future Flag Warning: Relative route resolution within Splat routes is changing in v7. You can use the `v7_relativeSplatPath` future flag to opt-in early. For more information, see https://reactrouter.com/v6/upgrading/future#v7_relativesplatpath. @ http://localhost:5175/node_modules/.vite/deps/react-router-dom.js?v=6e378665:4416
[    5594ms] [ERROR] Access to XMLHttpRequest at 'http://localhost:5000/api/services/featured?limit=8' from origin 'http://localhost:5175' has been blocked by CORS policy: No 'Access-Control-Allow-Origin' header is present on the requested resource. @ http://localhost:5175/:0
[    5596ms] [ERROR] Failed to load resource: net::ERR_FAILED @ http://localhost:5000/api/services/featured?limit=8:0
[    5700ms] [ERROR] Access to XMLHttpRequest at 'http://localhost:5000/api/settings/tracking' from origin 'http://localhost:5175' has been blocked by CORS policy: No 'Access-Control-Allow-Origin' header is present on the requested resource. @ http://localhost:5175/:0
[    5702ms] [ERROR] Failed to load resource: net::ERR_FAILED @ http://localhost:5000/api/settings/tracking:0
[    5702ms] [ERROR] Access to XMLHttpRequest at 'http://localhost:5000/api/gallery?album=clinic&limit=5' from origin 'http://localhost:5175' has been blocked by CORS policy: No 'Access-Control-Allow-Origin' header is present on the requested resource. @ http://localhost:5175/:0
[    5702ms] [ERROR] Failed to load resource: net::ERR_FAILED @ http://localhost:5000/api/gallery?album=clinic&limit=5:0
[    5740ms] [ERROR] Access to XMLHttpRequest at 'http://localhost:5000/api/team?limit=1' from origin 'http://localhost:5175' has been blocked by CORS policy: No 'Access-Control-Allow-Origin' header is present on the requested resource. @ http://localhost:5175/:0
[    5741ms] [ERROR] Failed to load resource: net::ERR_FAILED @ http://localhost:5000/api/team?limit=1:0
[    5746ms] [ERROR] Access to XMLHttpRequest at 'http://localhost:5000/api/testimonials?limit=3' from origin 'http://localhost:5175' has been blocked by CORS policy: No 'Access-Control-Allow-Origin' header is present on the requested resource. @ http://localhost:5175/:0
[    5746ms] [ERROR] Failed to load resource: net::ERR_FAILED @ http://localhost:5000/api/testimonials?limit=3:0
[    5801ms] [ERROR] Access to XMLHttpRequest at 'http://localhost:5000/api/categories' from origin 'http://localhost:5175' has been blocked by CORS policy: No 'Access-Control-Allow-Origin' header is present on the requested resource. @ http://localhost:5175/:0
[    5801ms] [ERROR] Failed to load resource: net::ERR_FAILED @ http://localhost:5000/api/categories:0
[    5822ms] [ERROR] Access to XMLHttpRequest at 'http://localhost:5000/api/settings/public' from origin 'http://localhost:5175' has been blocked by CORS policy: No 'Access-Control-Allow-Origin' header is present on the requested resource. @ http://localhost:5175/:0
[    5823ms] [ERROR] Failed to load resource: net::ERR_FAILED @ http://localhost:5000/api/settings/public:0
[    5824ms] [ERROR] Access to XMLHttpRequest at 'http://localhost:5000/api/analytics/track' from origin 'http://localhost:5175' has been blocked by CORS policy: Response to preflight request doesn't pass access control check: No 'Access-Control-Allow-Origin' header is present on the requested resource. @ http://localhost:5175/:0
[    5825ms] [ERROR] Failed to load resource: net::ERR_FAILED @ http://localhost:5000/api/analytics/track:0
[    5849ms] [ERROR] Access to XMLHttpRequest at 'http://localhost:5000/api/services/featured?limit=8' from origin 'http://localhost:5175' has been blocked by CORS policy: No 'Access-Control-Allow-Origin' header is present on the requested resource. @ http://localhost:5175/:0
[    5849ms] [ERROR] Failed to load resource: net::ERR_FAILED @ http://localhost:5000/api/services/featured?limit=8:0
[    5931ms] [ERROR] Access to XMLHttpRequest at 'http://localhost:5000/api/categories' from origin 'http://localhost:5175' has been blocked by CORS policy: No 'Access-Control-Allow-Origin' header is present on the requested resource. @ http://localhost:5175/:0
[    5932ms] [ERROR] Failed to load resource: net::ERR_FAILED @ http://localhost:5000/api/categories:0
[    5965ms] [ERROR] Access to XMLHttpRequest at 'http://localhost:5000/api/team?limit=1' from origin 'http://localhost:5175' has been blocked by CORS policy: No 'Access-Control-Allow-Origin' header is present on the requested resource. @ http://localhost:5175/:0
[    5966ms] [ERROR] Failed to load resource: net::ERR_FAILED @ http://localhost:5000/api/team?limit=1:0
[    5966ms] [ERROR] Access to XMLHttpRequest at 'http://localhost:5000/api/gallery?album=clinic&limit=5' from origin 'http://localhost:5175' has been blocked by CORS policy: No 'Access-Control-Allow-Origin' header is present on the requested resource. @ http://localhost:5175/:0
[    5966ms] [ERROR] Failed to load resource: net::ERR_FAILED @ http://localhost:5000/api/gallery?album=clinic&limit=5:0
[    5968ms] [ERROR] Access to XMLHttpRequest at 'http://localhost:5000/api/testimonials?limit=3' from origin 'http://localhost:5175' has been blocked by CORS policy: No 'Access-Control-Allow-Origin' header is present on the requested resource. @ http://localhost:5175/:0
[    5968ms] [ERROR] Failed to load resource: net::ERR_FAILED @ http://localhost:5000/api/testimonials?limit=3:0
[    5968ms] [ERROR] Access to XMLHttpRequest at 'http://localhost:5000/api/settings/public' from origin 'http://localhost:5175' has been blocked by CORS policy: No 'Access-Control-Allow-Origin' header is present on the requested resource. @ http://localhost:5175/:0
[    5969ms] [ERROR] Failed to load resource: net::ERR_FAILED @ http://localhost:5000/api/settings/public:0
